% Sauvegarde Escampe
% ABCDEF
06 n----- 06
05 ------ 05
04 --B--- 04
03 ------ 03
02 ---b-- 02
01 ----N- 01
